node.exe : [33mThe 
CJS build of Vite's 
Node API is 
deprecated. See https:
//vite.dev/guide/troub
leshooting.html#vite-c
js-node-api-deprecated
 for more 
details.[39m
En línea: 1 Carácter: 
1
+ & "C:\Program Files\
nodejs/node.exe" 
"C:\Program 
Files\nodejs/node_mo 
...
+ ~~~~~~~~~~~~~~~~~~~~
~~~~~~~~~~~~~~~~~~~~~~
~~~~~~~~~~~~~~~~~~~~~~
~~~~~
    + CategoryInfo    
          : NotSpeci  
  fied: ([33mThe C   
 JS bu...e details    
.[39m:String) []    
, RemoteException
    + FullyQualifiedE 
   rrorId : NativeCo  
  mmandError
 
[36mvite v5.4.21 [32mbuilding for production...[36m[39m
transforming...
<script src="/assets/j
s/themeManager.js"> 
in "/apps/agro/index.h
tml" can't be bundled 
without type="module" 
attribute
[32mÔ£ô[39m 13 modules transformed.
[31mx[39m Build 
failed in 150ms
[31merror during 
build:
[31m[vite]: Rollup 
failed to resolve 
import "/assets/js/sup
abase.js" from "C:/Use
rs/yerik/gold/apps/agr
o/index.html?html-prox
y&index=1.js".
This is most likely 
unintended because it 
can break your 
application at 
runtime.
If you do want to 
externalize this 
module explicitly add 
it to
`build.rollupOptions.e
xternal`[31m
    at viteWarn (file:
///C:/Users/yerik/gold
/node_modules/vite/dis
t/node/chunks/dep-BK3b
2jBa.js:65855:17)
    at 
onRollupWarning (file:
///C:/Users/yerik/gold
/node_modules/vite/dis
t/node/chunks/dep-BK3b
2jBa.js:65887:5)
    at onwarn (file://
/C:/Users/yerik/gold/n
ode_modules/vite/dist/
node/chunks/dep-BK3b2j
Ba.js:65550:7)
    at file:///C:/User
s/yerik/gold/node_modu
les/rollup/dist/es/sha
red/node-entry.js:2104
6:13
    at Object.logger 
[as onLog] (file:///C:
/Users/yerik/gold/node
_modules/rollup/dist/e
s/shared/node-entry.js
:22919:9)
    at ModuleLoader.ha
ndleInvalidResolvedId 
(file:///C:/Users/yeri
k/gold/node_modules/ro
llup/dist/es/shared/no
de-entry.js:21663:26)
    at file:///C:/User
s/yerik/gold/node_modu
les/rollup/dist/es/sha
red/node-entry.js:2162
1:26[39m
