
> yavl-ecosystem@1.0.0 test:v9 C:\Users\yerik\gold
> vitest --environment jsdom --run


[1m[46m RUN [49m[22m [36mv4.0.17 [39m[90mC:/Users/yerik/gold/apps/gold[39m

No test files found, exiting with code 1

include: **/*.{test,spec}.?(c|m)[jt]s?(x)
exclude:  **/node_modules/**, **/.git/**

ÔÇëELIFECYCLEÔÇë Command failed with exit code 1.
